// Vitest Snapshot v1, https://vitest.dev/guide/snapshot.html

exports[`SettingsDropdown > should match snapshot 1`] = `
<DocumentFragment>
  <div
    class="sc-guDLey sc-dmyCSP sc-hLQSwg sc-fmKFGs kHwwsn fkKYEp lgqhfG jmMOyH"
    tabindex="0"
  >
    <div
      class="sc-guDLey sc-ktwOfi kHwwsn foUNKg"
    >
      <div
        class="sc-gLLuof dcSHkq"
      >
        forms.theme
      </div>
      <div
        class="sc-guDLey sc-hABBmJ kHwwsn fOpcPM"
      >
        <button
          aria-checked="false"
          class="sc-beySPh zbkUW"
          role="switch"
          type="button"
        >
          <svg
            class="sc-eDLKkx kBnHHP"
            fill="#435049"
            role="img"
          >
            <title>
              sun-fill
            </title>
            <use
              href="http://localhost:3000/src/assets/icons.svg#sun-fill"
            />
          </svg>
        </button>
      </div>
    </div>
    <div
      class="sc-guDLey sc-brSamD kHwwsn euRBwi"
    >
      <div
        class="sc-gLLuof dcSHkq"
      >
        forms.language
      </div>
      <div
        class="sc-csKJxZ sc-eTNRI jxMgKP hsvJbM css-b62m3t-container"
      >
        <span
          class="css-1f43avz-a11yText-A11yText"
          id="react-select-3-live-region"
        />
        <span
          aria-atomic="false"
          aria-live="polite"
          aria-relevant="additions text"
          class="css-1f43avz-a11yText-A11yText"
          role="log"
        />
        <div
          class="Select__control css-cp01gg-control"
        >
          <div
            class="Select__value-container css-1qpkzkj-ValueContainer"
          >
            <div
              class="Select__placeholder css-1vlsb4t-placeholder"
              id="react-select-3-placeholder"
            >
              Select...
            </div>
            <input
              aria-activedescendant=""
              aria-autocomplete="list"
              aria-describedby="react-select-3-placeholder"
              aria-expanded="false"
              aria-haspopup="true"
              aria-readonly="true"
              class="css-mohuvp-dummyInput-DummyInput"
              id="react-select-3-input"
              inputmode="none"
              role="combobox"
              tabindex="0"
              value=""
            />
          </div>
          <div
            class="Select__indicators css-1hb7zxy-IndicatorsContainer"
          >
            <span
              class="Select__indicator-separator css-j4w2j1-indicatorSeparator"
            />
            <div
              aria-hidden="true"
              class="Select__indicator Select__dropdown-indicator css-g56vrd-indicatorContainer"
            >
              <svg
                aria-hidden="true"
                class="css-tj5bde-Svg"
                focusable="false"
                height="20"
                viewBox="0 0 20 20"
                width="20"
              >
                <path
                  d="M4.516 7.548c0.436-0.446 1.043-0.481 1.576 0l3.908 3.747 3.908-3.747c0.533-0.481 1.141-0.446 1.574 0 0.436 0.445 0.408 1.197 0 1.615-0.406 0.418-4.695 4.502-4.695 4.502-0.217 0.223-0.502 0.335-0.787 0.335s-0.57-0.112-0.789-0.335c0 0-4.287-4.084-4.695-4.502s-0.436-1.17 0-1.615z"
                />
              </svg>
            </div>
          </div>
        </div>
      </div>
    </div>
  </div>
</DocumentFragment>
`;
