// Vitest Snapshot v1, https://vitest.dev/guide/snapshot.html

exports[`NavbarLogo > should match snapshot 1`] = `
<DocumentFragment>
  <button
    class="sc-beySPh sc-kFCroH zbkUW dBMJkV"
    type="button"
  />
</DocumentFragment>
`;
