// Vitest Snapshot v1, https://vitest.dev/guide/snapshot.html

exports[`NewsImageBox > should match snapshot 1`] = `
<DocumentFragment>
  <div
    class="sc-beySPh sc-guDLey sc-hLQSwg jVdZA lbUchL ccoptM"
  />
</DocumentFragment>
`;
