// Vitest Snapshot v1, https://vitest.dev/guide/snapshot.html

exports[`Slider > should match snapshot 1`] = `<DocumentFragment />`;
