// Vitest Snapshot v1, https://vitest.dev/guide/snapshot.html

exports[`BackgroundImage > should match snapshot 1`] = `
<DocumentFragment>
  <div
    class="sc-guDLey sc-kFCroH kHwwsn jtmoiL"
  />
</DocumentFragment>
`;
